<?xml version="1.0" ?>
<testsuites failures="0" name="TestXML" tests="2" time="0">
	<testsuite name="" failures="0"  tests="1" time="0">
		<testcase name=" when a player walks forward they move to the right" time="0"></testcase>
	</testsuite>

	<testsuite name="" failures="0"  tests="1" time="0">
		<testcase name=" when a player walks forward they move to the right" time="0"></testcase>
	</testsuite>

</testsuites>